// Jest Snapshot v1, https://goo.gl/fbAQLP

exports[`InputTodo should take InputTodo snapshot 1`] = `
LoadedCheerio {
  "0": <div
    class="input-bar"
  >
    <input
      class="add-input"
      placeholder="Enter your todo item"
      value=""
    />
    <div
      class="add-button"
    >
      +
    </div>
  </div>,
  "_root": LoadedCheerio {
    "0": Document {
      "children": Array [
        <html>
          <head />
          <body />
        </html>,
      ],
      "endIndex": null,
      "next": null,
      "parent": null,
      "prev": null,
      "startIndex": null,
      "type": "root",
      "x-mode": "quirks",
    },
    "_root": [Circular],
    "length": 1,
    "options": Object {
      "decodeEntities": true,
      "xml": false,
    },
  },
  "length": 1,
  "options": Object {
    "decodeEntities": true,
    "xml": false,
  },
}
`;
